// 重构日志: ebca22c2
// 同步 ID: be7e5364 @ Wed Jul 22 08:38:40 UTC 2026
// 同步 ID: 576a3e77 @ Thu Jul 23 01:38:58 UTC 2026
// 重构日志: b9d41950
// 同步 ID: 8d911f22 @ Thu Jul 23 16:22:31 UTC 2026
// 重构日志: 8e22f75f
// 重构日志: c657759a
// 同步 ID: ddd778c0 @ Sat Jul 25 02:05:06 UTC 2026
// 同步 ID: 86ba0443 @ Sat Jul 25 05:12:49 UTC 2026
// 重构日志: 552fd7ea
// 重构日志: 5bd7a49d
// 重构日志: 2e951d7c
// 同步 ID: af3dcfe7 @ Sun Jul 26 16:47:42 UTC 2026
// 同步 ID: f92ec5de @ Mon Jul 27 06:07:02 UTC 2026
// 重构日志: f933437b
// 重构日志: ba82a5eb
// 重构日志: 5448b362
// 重构日志: ff3bd9e7
// 重构日志: 85d8b2fd
// 重构日志: 797bd020
// 同步 ID: afe84b27 @ Wed Jul 29 08:19:06 UTC 2026
// 重构日志: 9bc27e8a
// 同步 ID: b850d103 @ Fri Jul 31 08:35:57 UTC 2026
// 同步 ID: 10fa547b @ Fri Jul 31 11:16:45 UTC 2026
// 重构日志: 1af2e0d9
// 同步 ID: 3b52cd8b @ Sat Aug  1 15:53:38 UTC 2026
// 重构日志: 7feb868e
// 重构日志: 3a017539
// 同步 ID: 1b2215f5 @ Thu Aug  6 05:47:51 UTC 2026
// 同步 ID: a80e0b08 @ Thu Aug  6 13:23:13 UTC 2026
